// Jest Snapshot v1, https://goo.gl/fbAQLP

exports[`<ColorBox /> should render with minimum requirements 1`] = `
<div
  className="css-n5bgog"
>
  <div
    className="css-5mik3h"
  >
    <div
      className="css-1ofm5fa"
    />
    <div
      className="css-v30szl"
      onClick={[Function]}
    >
      <div
        className="css-15ru5hp"
      >
        <svg
          fill="none"
          height="1em"
          stroke="currentColor"
          strokeLinecap="round"
          strokeLinejoin="round"
          strokeWidth="2"
          style={
            Object {
              "color": undefined,
            }
          }
          viewBox="0 0 24 24"
          width="1em"
          xmlns="http://www.w3.org/2000/svg"
        >
          <polyline
            points="23 4 23 10 17 10"
          />
          <polyline
            points="1 20 1 14 7 14"
          />
          <path
            d="M3.51 9a9 9 0 0 1 14.85-3.36L23 10M1 14l4.64 4.36A9 9 0 0 0 20.49 15"
          />
        </svg>
      </div>
      <div
        className="css-uy2ans"
      >
        #F00000
      </div>
      <div
        className="css-161ioh7"
      >
        Red Barn
      </div>
    </div>
  </div>
</div>
`;
